<html>
<body>
<pre>
<h1>礦ision Build Log</h1>
<h2>Tool Versions:</h2>
IDE-Version: μVision V5.31.0.0
Copyright (C) 2020 ARM Ltd and ARM Germany GmbH. All rights reserved.
License Information: x x, x, LIC=BUURY-IAS1Y-GK9BG-VA9W9-TV5YG-IR17L
 
Tool Versions:
Toolchain:       MDK-ARM Plus  Version: 5.31.0.0
Toolchain Path:  D:\keil\ARM\ARMCC\Bin
C Compiler:      Armcc.exe V5.06 update 6 (build 750)
Assembler:       Armasm.exe V5.06 update 6 (build 750)
Linker/Locator:  ArmLink.exe V5.06 update 6 (build 750)
Library Manager: ArmAr.exe V5.06 update 6 (build 750)
Hex Converter:   FromElf.exe V5.06 update 6 (build 750)
CPU DLL:         SARMCM3.DLL V5.31.0.0
Dialog DLL:      DARMSTM.DLL V1.68.0.0
Target DLL:      STLink\ST-LINKIII-KEIL_SWO.dll V3.0.7.0
Dialog DLL:      TARMSTM.DLL V1.66.0.0
 
<h2>Project:</h2>
F:\嵌入式学习通\嵌入式\十二周周三\uCOSProject-main\uCOSProject-main\MDK-ARM\DateOfucOS.uvprojx
Project File Date:  12/02/2021

<h2>Output:</h2>
*** Using Compiler 'V5.06 update 6 (build 750)', folder: 'D:\keil\ARM\ARMCC\Bin'
Rebuild target 'DateOfucOS'
assembling startup_stm32f103xb.s...
compiling rtc.c...
compiling stm32f1xx_hal_rtc_ex.c...
compiling usart.c...
compiling stm32f1xx_hal_gpio_ex.c...
compiling stm32f1xx_hal_rtc.c...
compiling gpio.c...
compiling stm32f1xx_hal_msp.c...
compiling stm32f1xx_it.c...
compiling stm32f1xx_hal.c...
compiling main.c...
compiling app.c...
compiling stm32f1xx_hal_flash.c...
compiling stm32f1xx_hal_flash_ex.c...
compiling stm32f1xx_hal_cortex.c...
compiling stm32f1xx_hal_tim.c...
compiling stm32f1xx_hal_tim_ex.c...
compiling stm32f1xx_hal_gpio.c...
compiling stm32f1xx_hal_exti.c...
assembling cpu_a.asm...
compiling stm32f1xx_hal_rcc_ex.c...
compiling cpu_core.c...
compiling stm32f1xx_hal_pwr.c...
compiling cpu_c.c...
compiling stm32f1xx_hal_dma.c...
compiling lib_ascii.c...
compiling lib_math.c...
assembling lib_mem_a.asm...
assembling os_cpu_a.s...
compiling os_cpu_c.c...
compiling os_cfg_app.c...
compiling lib_str.c...
compiling lib_mem.c...
compiling os_dbg.c...
compiling os_core.c...
compiling os_flag.c...
compiling os_int.c...
compiling os_mem.c...
compiling stm32f1xx_hal_rcc.c...
compiling os_msg.c...
compiling os_pend_multi.c...
compiling os_mutex.c...
compiling os_prio.c...
compiling os_q.c...
compiling os_stat.c...
compiling os_sem.c...
compiling os_tick.c...
compiling os_time.c...
compiling os_var.c...
compiling os_tmr.c...
compiling os_task.c...
compiling os_app_hooks.c...
compiling system_stm32f1xx.c...
compiling bsp.c...
compiling stm32f1xx_hal_uart.c...
linking...
Program Size: Code=18212 RO-data=408 RW-data=264 ZI-data=15064  
FromELF: creating hex file...
"DateOfucOS\DateOfucOS.axf" - 0 Error(s), 0 Warning(s).

<h2>Software Packages used:</h2>

Package Vendor: ARM
                http://www.keil.com/pack/ARM.CMSIS.5.7.0.pack
                ARM.CMSIS.5.7.0
                CMSIS (Cortex Microcontroller Software Interface Standard)
   * Component: CORE Version: 5.4.0

Package Vendor: Keil
                http://www.keil.com/pack/Keil.STM32F1xx_DFP.2.1.0.pack
                Keil.STM32F1xx_DFP.2.1.0
                STMicroelectronics STM32F1 Series Device Support, Drivers and Examples

<h2>Collection of Component include folders:</h2>
  .\RTE\_DateOfucOS
  C:\Users\86199\AppData\Local\Arm\Packs\ARM\CMSIS\5.7.0\CMSIS\Core\Include
  C:\Users\86199\AppData\Local\Arm\Packs\Keil\STM32F1xx_DFP\2.1.0\Device\Include

<h2>Collection of Component Files used:</h2>

   * Component: ARM::CMSIS:CORE:5.4.0
Build Time Elapsed:  00:00:16
</pre>
</body>
</html>
